Archive member included to satisfy reference by file (symbol)

/opt/riscv32i/lib/gcc/riscv32-unknown-elf/8.2.0/libgcc.a(_divdi3.o)
                              firmware/multest.o (__divdi3)
/opt/riscv32i/lib/gcc/riscv32-unknown-elf/8.2.0/libgcc.a(_moddi3.o)
                              firmware/multest.o (__moddi3)
/opt/riscv32i/lib/gcc/riscv32-unknown-elf/8.2.0/libgcc.a(_udivdi3.o)
                              firmware/multest.o (__udivdi3)
/opt/riscv32i/lib/gcc/riscv32-unknown-elf/8.2.0/libgcc.a(_umoddi3.o)
                              firmware/multest.o (__umoddi3)
/opt/riscv32i/lib/gcc/riscv32-unknown-elf/8.2.0/libgcc.a(muldi3.o)
                              /opt/riscv32i/lib/gcc/riscv32-unknown-elf/8.2.0/libgcc.a(_divdi3.o) (__mulsi3)
/opt/riscv32i/lib/gcc/riscv32-unknown-elf/8.2.0/libgcc.a(div.o)
                              /opt/riscv32i/lib/gcc/riscv32-unknown-elf/8.2.0/libgcc.a(_divdi3.o) (__divsi3)
/opt/riscv32i/lib/gcc/riscv32-unknown-elf/8.2.0/libgcc.a(_clz.o)
                              /opt/riscv32i/lib/gcc/riscv32-unknown-elf/8.2.0/libgcc.a(_divdi3.o) (__clz_tab)

Discarded input sections

 .debug_info    0x0000000000000000     0x1348 /opt/riscv32i/lib/gcc/riscv32-unknown-elf/8.2.0/libgcc.a(_divdi3.o)
 .debug_abbrev  0x0000000000000000      0x2f8 /opt/riscv32i/lib/gcc/riscv32-unknown-elf/8.2.0/libgcc.a(_divdi3.o)
 .debug_loc     0x0000000000000000      0x97b /opt/riscv32i/lib/gcc/riscv32-unknown-elf/8.2.0/libgcc.a(_divdi3.o)
 .debug_aranges
                0x0000000000000000       0x20 /opt/riscv32i/lib/gcc/riscv32-unknown-elf/8.2.0/libgcc.a(_divdi3.o)
 .debug_ranges  0x0000000000000000       0xf8 /opt/riscv32i/lib/gcc/riscv32-unknown-elf/8.2.0/libgcc.a(_divdi3.o)
 .debug_line    0x0000000000000000      0x9d6 /opt/riscv32i/lib/gcc/riscv32-unknown-elf/8.2.0/libgcc.a(_divdi3.o)
 .debug_str     0x0000000000000000      0x829 /opt/riscv32i/lib/gcc/riscv32-unknown-elf/8.2.0/libgcc.a(_divdi3.o)
 .debug_info    0x0000000000000000     0x1383 /opt/riscv32i/lib/gcc/riscv32-unknown-elf/8.2.0/libgcc.a(_moddi3.o)
 .debug_abbrev  0x0000000000000000      0x2ef /opt/riscv32i/lib/gcc/riscv32-unknown-elf/8.2.0/libgcc.a(_moddi3.o)
 .debug_loc     0x0000000000000000      0x8f8 /opt/riscv32i/lib/gcc/riscv32-unknown-elf/8.2.0/libgcc.a(_moddi3.o)
 .debug_aranges
                0x0000000000000000       0x20 /opt/riscv32i/lib/gcc/riscv32-unknown-elf/8.2.0/libgcc.a(_moddi3.o)
 .debug_ranges  0x0000000000000000       0xe0 /opt/riscv32i/lib/gcc/riscv32-unknown-elf/8.2.0/libgcc.a(_moddi3.o)
 .debug_line    0x0000000000000000      0x9f4 /opt/riscv32i/lib/gcc/riscv32-unknown-elf/8.2.0/libgcc.a(_moddi3.o)
 .debug_str     0x0000000000000000      0x829 /opt/riscv32i/lib/gcc/riscv32-unknown-elf/8.2.0/libgcc.a(_moddi3.o)
 .debug_info    0x0000000000000000     0x1312 /opt/riscv32i/lib/gcc/riscv32-unknown-elf/8.2.0/libgcc.a(_udivdi3.o)
 .debug_abbrev  0x0000000000000000      0x2e0 /opt/riscv32i/lib/gcc/riscv32-unknown-elf/8.2.0/libgcc.a(_udivdi3.o)
 .debug_loc     0x0000000000000000      0xb94 /opt/riscv32i/lib/gcc/riscv32-unknown-elf/8.2.0/libgcc.a(_udivdi3.o)
 .debug_aranges
                0x0000000000000000       0x20 /opt/riscv32i/lib/gcc/riscv32-unknown-elf/8.2.0/libgcc.a(_udivdi3.o)
 .debug_ranges  0x0000000000000000      0x110 /opt/riscv32i/lib/gcc/riscv32-unknown-elf/8.2.0/libgcc.a(_udivdi3.o)
 .debug_line    0x0000000000000000      0x90f /opt/riscv32i/lib/gcc/riscv32-unknown-elf/8.2.0/libgcc.a(_udivdi3.o)
 .debug_str     0x0000000000000000      0x82a /opt/riscv32i/lib/gcc/riscv32-unknown-elf/8.2.0/libgcc.a(_udivdi3.o)
 .debug_info    0x0000000000000000     0x135c /opt/riscv32i/lib/gcc/riscv32-unknown-elf/8.2.0/libgcc.a(_umoddi3.o)
 .debug_abbrev  0x0000000000000000      0x2e8 /opt/riscv32i/lib/gcc/riscv32-unknown-elf/8.2.0/libgcc.a(_umoddi3.o)
 .debug_loc     0x0000000000000000      0x905 /opt/riscv32i/lib/gcc/riscv32-unknown-elf/8.2.0/libgcc.a(_umoddi3.o)
 .debug_aranges
                0x0000000000000000       0x20 /opt/riscv32i/lib/gcc/riscv32-unknown-elf/8.2.0/libgcc.a(_umoddi3.o)
 .debug_ranges  0x0000000000000000       0xe8 /opt/riscv32i/lib/gcc/riscv32-unknown-elf/8.2.0/libgcc.a(_umoddi3.o)
 .debug_line    0x0000000000000000      0x93d /opt/riscv32i/lib/gcc/riscv32-unknown-elf/8.2.0/libgcc.a(_umoddi3.o)
 .debug_str     0x0000000000000000      0x82a /opt/riscv32i/lib/gcc/riscv32-unknown-elf/8.2.0/libgcc.a(_umoddi3.o)
 .debug_line    0x0000000000000000       0x93 /opt/riscv32i/lib/gcc/riscv32-unknown-elf/8.2.0/libgcc.a(muldi3.o)
 .debug_info    0x0000000000000000       0x26 /opt/riscv32i/lib/gcc/riscv32-unknown-elf/8.2.0/libgcc.a(muldi3.o)
 .debug_abbrev  0x0000000000000000       0x14 /opt/riscv32i/lib/gcc/riscv32-unknown-elf/8.2.0/libgcc.a(muldi3.o)
 .debug_aranges
                0x0000000000000000       0x20 /opt/riscv32i/lib/gcc/riscv32-unknown-elf/8.2.0/libgcc.a(muldi3.o)
 .debug_str     0x0000000000000000       0xb1 /opt/riscv32i/lib/gcc/riscv32-unknown-elf/8.2.0/libgcc.a(muldi3.o)
 .debug_line    0x0000000000000000      0x169 /opt/riscv32i/lib/gcc/riscv32-unknown-elf/8.2.0/libgcc.a(div.o)
 .debug_info    0x0000000000000000       0x26 /opt/riscv32i/lib/gcc/riscv32-unknown-elf/8.2.0/libgcc.a(div.o)
 .debug_abbrev  0x0000000000000000       0x14 /opt/riscv32i/lib/gcc/riscv32-unknown-elf/8.2.0/libgcc.a(div.o)
 .debug_aranges
                0x0000000000000000       0x20 /opt/riscv32i/lib/gcc/riscv32-unknown-elf/8.2.0/libgcc.a(div.o)
 .debug_str     0x0000000000000000       0xae /opt/riscv32i/lib/gcc/riscv32-unknown-elf/8.2.0/libgcc.a(div.o)
 .debug_info    0x0000000000000000      0xb3f /opt/riscv32i/lib/gcc/riscv32-unknown-elf/8.2.0/libgcc.a(_clz.o)
 .debug_abbrev  0x0000000000000000      0x1e8 /opt/riscv32i/lib/gcc/riscv32-unknown-elf/8.2.0/libgcc.a(_clz.o)
 .debug_aranges
                0x0000000000000000       0x18 /opt/riscv32i/lib/gcc/riscv32-unknown-elf/8.2.0/libgcc.a(_clz.o)
 .debug_line    0x0000000000000000      0x1fd /opt/riscv32i/lib/gcc/riscv32-unknown-elf/8.2.0/libgcc.a(_clz.o)
 .debug_str     0x0000000000000000      0x765 /opt/riscv32i/lib/gcc/riscv32-unknown-elf/8.2.0/libgcc.a(_clz.o)

Memory Configuration

Name             Origin             Length             Attributes
mem              0x0000000000000000 0x0000000000018000
*default*        0x0000000000000000 0xffffffffffffffff

Linker script and memory map


.memory         0x0000000000000000     0xccb4
                0x0000000000000000                . = 0x0
 start*(.text)
 *(.text)
 .text          0x0000000000000000      0x89c firmware/start.o
                0x0000000000000510                lui_ret
                0x000000000000051c                auipc_ret
                0x0000000000000528                j_ret
                0x0000000000000534                jal_ret
                0x0000000000000540                jalr_ret
                0x000000000000054c                beq_ret
                0x0000000000000558                bne_ret
                0x0000000000000564                blt_ret
                0x0000000000000570                bge_ret
                0x000000000000057c                bltu_ret
                0x0000000000000588                bgeu_ret
                0x0000000000000594                lb_ret
                0x00000000000005a0                lh_ret
                0x00000000000005ac                lw_ret
                0x00000000000005b8                lbu_ret
                0x00000000000005c4                lhu_ret
                0x00000000000005d0                sb_ret
                0x00000000000005dc                sh_ret
                0x00000000000005e8                sw_ret
                0x00000000000005f4                addi_ret
                0x0000000000000600                slti_ret
                0x000000000000060c                xori_ret
                0x0000000000000618                ori_ret
                0x0000000000000624                andi_ret
                0x0000000000000630                slli_ret
                0x000000000000063c                srli_ret
                0x0000000000000648                srai_ret
                0x0000000000000654                add_ret
                0x0000000000000660                sub_ret
                0x000000000000066c                sll_ret
                0x0000000000000678                slt_ret
                0x0000000000000684                xor_ret
                0x0000000000000690                srl_ret
                0x000000000000069c                sra_ret
                0x00000000000006a8                or_ret
                0x00000000000006b4                and_ret
                0x00000000000006c0                mulh_ret
                0x00000000000006cc                mulhsu_ret
                0x00000000000006d8                mulhu_ret
                0x00000000000006e4                mul_ret
                0x00000000000006f0                div_ret
                0x00000000000006fc                divu_ret
                0x0000000000000708                rem_ret
                0x0000000000000714                remu_ret
                0x0000000000000720                simple_ret
                0x000000000000077c                hard_mul
                0x0000000000000784                hard_mulh
                0x000000000000078c                hard_mulhsu
                0x0000000000000794                hard_mulhu
                0x000000000000079c                hard_div
                0x00000000000007a4                hard_divu
                0x00000000000007ac                hard_rem
                0x00000000000007b4                hard_remu
 .text          0x000000000000089c      0x3b8 firmware/irq.o
                0x000000000000089c                irq
 .text          0x0000000000000c54       0xac firmware/print.o
                0x0000000000000c54                print_chr
                0x0000000000000c60                print_str
                0x0000000000000c7c                print_dec
                0x0000000000000cc8                print_hex
 .text          0x0000000000000d00        0xc firmware/hello.o
                0x0000000000000d00                hello
 .text          0x0000000000000d0c      0x274 firmware/sieve.o
                0x0000000000000df0                sieve
 .text          0x0000000000000f80      0x428 firmware/multest.o
                0x0000000000000fa8                multest
 .text          0x00000000000013a8      0x158 firmware/stats.o
                0x0000000000001450                stats
 .text          0x0000000000001500      0x30c tests/addi.o
                0x0000000000001500                addi
 .text          0x000000000000180c      0x560 tests/add.o
                0x000000000000180c                add
 .text          0x0000000000001d6c      0x244 tests/andi.o
                0x0000000000001d6c                andi
 .text          0x0000000000001fb0      0x538 tests/and.o
                0x0000000000001fb0                and
 *fill*         0x00000000000024e8        0x0 
 .text          0x00000000000024e8       0xcc tests/auipc.o
                0x00000000000024e8                auipc
 .text          0x00000000000025b4      0x340 tests/beq.o
                0x00000000000025b4                beq
 .text          0x00000000000028f4      0x3a0 tests/bge.o
                0x00000000000028f4                bge
 .text          0x0000000000002c94      0x3d8 tests/bgeu.o
                0x0000000000002c94                bgeu
 .text          0x000000000000306c      0x340 tests/blt.o
                0x000000000000306c                blt
 .text          0x00000000000033ac      0x378 tests/bltu.o
                0x00000000000033ac                bltu
 .text          0x0000000000003724      0x344 tests/bne.o
                0x0000000000003724                bne
 .text          0x0000000000003a68      0x15c tests/div.o
                0x0000000000003a68                div
 .text          0x0000000000003bc4      0x164 tests/divu.o
                0x0000000000003bc4                divu
 .text          0x0000000000003d28      0x184 tests/jalr.o
                0x0000000000003d28                jalr
 .text          0x0000000000003eac       0xd8 tests/jal.o
                0x0000000000003eac                jal
 .text          0x0000000000003f84       0xbc tests/j.o
                0x0000000000003f84                j
 .text          0x0000000000004040      0x2cc tests/lb.o
                0x0000000000004040                lb
 .text          0x000000000000430c      0x2cc tests/lbu.o
                0x000000000000430c                lbu
 .text          0x00000000000045d8      0x2ec tests/lh.o
                0x00000000000045d8                lh
 .text          0x00000000000048c4      0x300 tests/lhu.o
                0x00000000000048c4                lhu
 .text          0x0000000000004bc4       0xe0 tests/lui.o
                0x0000000000004bc4                lui
 .text          0x0000000000004ca4      0x30c tests/lw.o
                0x0000000000004ca4                lw
 .text          0x0000000000004fb0      0x54c tests/mulh.o
                0x0000000000004fb0                mulh
 .text          0x00000000000054fc      0x54c tests/mulhsu.o
                0x00000000000054fc                mulhsu
 .text          0x0000000000005a48      0x54c tests/mulhu.o
                0x0000000000005a48                mulhu
 .text          0x0000000000005f94      0x548 tests/mul.o
                0x0000000000005f94                mul
 .text          0x00000000000064dc      0x25c tests/ori.o
                0x00000000000064dc                ori
 .text          0x0000000000006738      0x544 tests/or.o
                0x0000000000006738                or
 .text          0x0000000000006c7c      0x15c tests/rem.o
                0x0000000000006c7c                rem
 .text          0x0000000000006dd8      0x160 tests/remu.o
                0x0000000000006dd8                remu
 .text          0x0000000000006f38      0x474 tests/sb.o
                0x0000000000006f38                sb
 .text          0x00000000000073ac      0x4f8 tests/sh.o
                0x00000000000073ac                sh
 .text          0x00000000000078a4       0x54 tests/simple.o
                0x00000000000078a4                simple
 .text          0x00000000000078f8      0x308 tests/slli.o
                0x00000000000078f8                slli
 .text          0x0000000000007c00      0x5ec tests/sll.o
                0x0000000000007c00                sll
 .text          0x00000000000081ec      0x2f8 tests/slti.o
                0x00000000000081ec                slti
 .text          0x00000000000084e4      0x548 tests/slt.o
                0x00000000000084e4                slt
 .text          0x0000000000008a2c      0x33c tests/srai.o
                0x0000000000008a2c                srai
 .text          0x0000000000008d68      0x61c tests/sra.o
                0x0000000000008d68                sra
 .text          0x0000000000009384      0x338 tests/srli.o
                0x0000000000009384                srli
 .text          0x00000000000096bc      0x63c tests/srl.o
                0x00000000000096bc                srl
 .text          0x0000000000009cf8      0x540 tests/sub.o
                0x0000000000009cf8                sub
 .text          0x000000000000a238      0x504 tests/sw.o
                0x000000000000a238                sw
 .text          0x000000000000a73c      0x268 tests/xori.o
                0x000000000000a73c                xori
 .text          0x000000000000a9a4      0x540 tests/xor.o
                0x000000000000a9a4                xor
 .text          0x000000000000aee4      0x624 /opt/riscv32i/lib/gcc/riscv32-unknown-elf/8.2.0/libgcc.a(_divdi3.o)
                0x000000000000aee4                __divdi3
 .text          0x000000000000b508      0x548 /opt/riscv32i/lib/gcc/riscv32-unknown-elf/8.2.0/libgcc.a(_moddi3.o)
                0x000000000000b508                __moddi3
 .text          0x000000000000ba50      0x5d4 /opt/riscv32i/lib/gcc/riscv32-unknown-elf/8.2.0/libgcc.a(_udivdi3.o)
                0x000000000000ba50                __udivdi3
 .text          0x000000000000c024      0x4f0 /opt/riscv32i/lib/gcc/riscv32-unknown-elf/8.2.0/libgcc.a(_umoddi3.o)
                0x000000000000c024                __umoddi3
 .text          0x000000000000c514       0x24 /opt/riscv32i/lib/gcc/riscv32-unknown-elf/8.2.0/libgcc.a(muldi3.o)
                0x000000000000c514                __mulsi3
 .text          0x000000000000c538       0xb4 /opt/riscv32i/lib/gcc/riscv32-unknown-elf/8.2.0/libgcc.a(div.o)
                0x000000000000c538                __divsi3
                0x000000000000c540                __udivsi3
                0x000000000000c588                __umodsi3
                0x000000000000c5bc                __modsi3
 .text          0x000000000000c5ec        0x0 /opt/riscv32i/lib/gcc/riscv32-unknown-elf/8.2.0/libgcc.a(_clz.o)
 *(*)
 .data          0x000000000000c5ec        0x0 firmware/start.o
 .bss           0x000000000000c5ec        0x0 firmware/start.o
 .riscv.attributes
                0x000000000000c5ec       0x28 firmware/start.o
 .data          0x000000000000c614        0x0 firmware/irq.o
 .bss           0x000000000000c614        0x0 firmware/irq.o
 .rodata.str1.4
                0x000000000000c614      0x167 firmware/irq.o
                                        0x16b (size before relaxing)
 *fill*         0x000000000000c77b        0x1 
 .sbss          0x000000000000c77c        0xc firmware/irq.o
 .comment       0x000000000000c788       0x19 firmware/irq.o
                                         0x1a (size before relaxing)
 .note.GNU-stack
                0x000000000000c7a1        0x0 firmware/irq.o
 .riscv.attributes
                0x000000000000c7a1       0x2a firmware/irq.o
 .data          0x000000000000c7cb        0x0 firmware/print.o
 .bss           0x000000000000c7cb        0x0 firmware/print.o
 *fill*         0x000000000000c7cb        0x1 
 .rodata.str1.4
                0x000000000000c7cc       0x11 firmware/print.o
 .comment       0x000000000000c7dd       0x1a firmware/print.o
 .note.GNU-stack
                0x000000000000c7dd        0x0 firmware/print.o
 .riscv.attributes
                0x000000000000c7dd       0x2a firmware/print.o
 .data          0x000000000000c807        0x0 firmware/hello.o
 .bss           0x000000000000c807        0x0 firmware/hello.o
 *fill*         0x000000000000c807        0x1 
 .rodata.str1.4
                0x000000000000c808        0xd firmware/hello.o
 .comment       0x000000000000c815       0x1a firmware/hello.o
 .note.GNU-stack
                0x000000000000c815        0x0 firmware/hello.o
 .riscv.attributes
                0x000000000000c815       0x2a firmware/hello.o
 .data          0x000000000000c83f        0x0 firmware/sieve.o
 .bss           0x000000000000c83f        0x0 firmware/sieve.o
 *fill*         0x000000000000c83f        0x1 
 .rodata.str1.4
                0x000000000000c840       0x40 firmware/sieve.o
 .sbss          0x000000000000c880        0xc firmware/sieve.o
 .comment       0x000000000000c88c       0x1a firmware/sieve.o
 .note.GNU-stack
                0x000000000000c88c        0x0 firmware/sieve.o
 .riscv.attributes
                0x000000000000c88c       0x2a firmware/sieve.o
 .data          0x000000000000c8b6        0x0 firmware/multest.o
 .bss           0x000000000000c8b6        0x0 firmware/multest.o
 *fill*         0x000000000000c8b6        0x2 
 .rodata.str1.4
                0x000000000000c8b8       0x50 firmware/multest.o
                                         0x58 (size before relaxing)
 .sdata         0x000000000000c908        0x4 firmware/multest.o
 .comment       0x000000000000c90c       0x1a firmware/multest.o
 .note.GNU-stack
                0x000000000000c90c        0x0 firmware/multest.o
 .riscv.attributes
                0x000000000000c90c       0x2a firmware/multest.o
 .data          0x000000000000c936        0x0 firmware/stats.o
 .bss           0x000000000000c936        0x0 firmware/stats.o
 *fill*         0x000000000000c936        0x2 
 .rodata.str1.4
                0x000000000000c938       0x3c firmware/stats.o
                                         0x3e (size before relaxing)
 .comment       0x000000000000c974       0x1a firmware/stats.o
 .note.GNU-stack
                0x000000000000c974        0x0 firmware/stats.o
 .riscv.attributes
                0x000000000000c974       0x2a firmware/stats.o
 *fill*         0x000000000000c99e        0x2 
 .data          0x000000000000c9a0        0x0 tests/addi.o
 .bss           0x000000000000c9a0        0x0 tests/addi.o
 .data          0x000000000000c9a0        0x0 tests/add.o
 .bss           0x000000000000c9a0        0x0 tests/add.o
 .data          0x000000000000c9a0        0x0 tests/andi.o
 .bss           0x000000000000c9a0        0x0 tests/andi.o
 .data          0x000000000000c9a0        0x0 tests/and.o
 .bss           0x000000000000c9a0        0x0 tests/and.o
 .data          0x000000000000c9a0        0x0 tests/auipc.o
 .bss           0x000000000000c9a0        0x0 tests/auipc.o
 .data          0x000000000000c9a0        0x0 tests/beq.o
 .bss           0x000000000000c9a0        0x0 tests/beq.o
 .data          0x000000000000c9a0        0x0 tests/bge.o
 .bss           0x000000000000c9a0        0x0 tests/bge.o
 .data          0x000000000000c9a0        0x0 tests/bgeu.o
 .bss           0x000000000000c9a0        0x0 tests/bgeu.o
 .data          0x000000000000c9a0        0x0 tests/blt.o
 .bss           0x000000000000c9a0        0x0 tests/blt.o
 .data          0x000000000000c9a0        0x0 tests/bltu.o
 .bss           0x000000000000c9a0        0x0 tests/bltu.o
 .data          0x000000000000c9a0        0x0 tests/bne.o
 .bss           0x000000000000c9a0        0x0 tests/bne.o
 .data          0x000000000000c9a0        0x0 tests/div.o
 .bss           0x000000000000c9a0        0x0 tests/div.o
 .data          0x000000000000c9a0        0x0 tests/divu.o
 .bss           0x000000000000c9a0        0x0 tests/divu.o
 .data          0x000000000000c9a0        0x0 tests/jalr.o
 .bss           0x000000000000c9a0        0x0 tests/jalr.o
 .data          0x000000000000c9a0        0x0 tests/jal.o
 .bss           0x000000000000c9a0        0x0 tests/jal.o
 .data          0x000000000000c9a0        0x0 tests/j.o
 .bss           0x000000000000c9a0        0x0 tests/j.o
 .data          0x000000000000c9a0        0x4 tests/lb.o
 .bss           0x000000000000c9a4        0x0 tests/lb.o
 .data          0x000000000000c9a4        0x4 tests/lbu.o
 .bss           0x000000000000c9a8        0x0 tests/lbu.o
 .data          0x000000000000c9a8        0x8 tests/lh.o
 .bss           0x000000000000c9b0        0x0 tests/lh.o
 .data          0x000000000000c9b0        0x8 tests/lhu.o
 .bss           0x000000000000c9b8        0x0 tests/lhu.o
 .data          0x000000000000c9b8        0x0 tests/lui.o
 .bss           0x000000000000c9b8        0x0 tests/lui.o
 .data          0x000000000000c9b8       0x10 tests/lw.o
 .bss           0x000000000000c9c8        0x0 tests/lw.o
 .data          0x000000000000c9c8        0x0 tests/mulh.o
 .bss           0x000000000000c9c8        0x0 tests/mulh.o
 .data          0x000000000000c9c8        0x0 tests/mulhsu.o
 .bss           0x000000000000c9c8        0x0 tests/mulhsu.o
 .data          0x000000000000c9c8        0x0 tests/mulhu.o
 .bss           0x000000000000c9c8        0x0 tests/mulhu.o
 .data          0x000000000000c9c8        0x0 tests/mul.o
 .bss           0x000000000000c9c8        0x0 tests/mul.o
 .data          0x000000000000c9c8        0x0 tests/ori.o
 .bss           0x000000000000c9c8        0x0 tests/ori.o
 .data          0x000000000000c9c8        0x0 tests/or.o
 .bss           0x000000000000c9c8        0x0 tests/or.o
 .data          0x000000000000c9c8        0x0 tests/rem.o
 .bss           0x000000000000c9c8        0x0 tests/rem.o
 .data          0x000000000000c9c8        0x0 tests/remu.o
 .bss           0x000000000000c9c8        0x0 tests/remu.o
 .data          0x000000000000c9c8        0xa tests/sb.o
 .bss           0x000000000000c9d2        0x0 tests/sb.o
 *fill*         0x000000000000c9d2        0x2 
 .data          0x000000000000c9d4       0x14 tests/sh.o
 .bss           0x000000000000c9e8        0x0 tests/sh.o
 .data          0x000000000000c9e8        0x0 tests/simple.o
 .bss           0x000000000000c9e8        0x0 tests/simple.o
 .data          0x000000000000c9e8        0x0 tests/slli.o
 .bss           0x000000000000c9e8        0x0 tests/slli.o
 .data          0x000000000000c9e8        0x0 tests/sll.o
 .bss           0x000000000000c9e8        0x0 tests/sll.o
 .data          0x000000000000c9e8        0x0 tests/slti.o
 .bss           0x000000000000c9e8        0x0 tests/slti.o
 .data          0x000000000000c9e8        0x0 tests/slt.o
 .bss           0x000000000000c9e8        0x0 tests/slt.o
 .data          0x000000000000c9e8        0x0 tests/srai.o
 .bss           0x000000000000c9e8        0x0 tests/srai.o
 .data          0x000000000000c9e8        0x0 tests/sra.o
 .bss           0x000000000000c9e8        0x0 tests/sra.o
 .data          0x000000000000c9e8        0x0 tests/srli.o
 .bss           0x000000000000c9e8        0x0 tests/srli.o
 .data          0x000000000000c9e8        0x0 tests/srl.o
 .bss           0x000000000000c9e8        0x0 tests/srl.o
 .data          0x000000000000c9e8        0x0 tests/sub.o
 .bss           0x000000000000c9e8        0x0 tests/sub.o
 .data          0x000000000000c9e8       0x28 tests/sw.o
 .bss           0x000000000000ca10        0x0 tests/sw.o
 .data          0x000000000000ca10        0x0 tests/xori.o
 .bss           0x000000000000ca10        0x0 tests/xori.o
 .data          0x000000000000ca10        0x0 tests/xor.o
 .bss           0x000000000000ca10        0x0 tests/xor.o
 .data          0x000000000000ca10        0x0 /opt/riscv32i/lib/gcc/riscv32-unknown-elf/8.2.0/libgcc.a(_divdi3.o)
 .bss           0x000000000000ca10        0x0 /opt/riscv32i/lib/gcc/riscv32-unknown-elf/8.2.0/libgcc.a(_divdi3.o)
 .comment       0x000000000000ca10       0x11 /opt/riscv32i/lib/gcc/riscv32-unknown-elf/8.2.0/libgcc.a(_divdi3.o)
                                         0x12 (size before relaxing)
 *fill*         0x000000000000ca21        0x3 
 .eh_frame      0x000000000000ca24       0x64 /opt/riscv32i/lib/gcc/riscv32-unknown-elf/8.2.0/libgcc.a(_divdi3.o)
 .data          0x000000000000ca88        0x0 /opt/riscv32i/lib/gcc/riscv32-unknown-elf/8.2.0/libgcc.a(_moddi3.o)
 .bss           0x000000000000ca88        0x0 /opt/riscv32i/lib/gcc/riscv32-unknown-elf/8.2.0/libgcc.a(_moddi3.o)
 .comment       0x000000000000ca88       0x12 /opt/riscv32i/lib/gcc/riscv32-unknown-elf/8.2.0/libgcc.a(_moddi3.o)
 .eh_frame      0x000000000000ca88       0x68 /opt/riscv32i/lib/gcc/riscv32-unknown-elf/8.2.0/libgcc.a(_moddi3.o)
 .data          0x000000000000caf0        0x0 /opt/riscv32i/lib/gcc/riscv32-unknown-elf/8.2.0/libgcc.a(_udivdi3.o)
 .bss           0x000000000000caf0        0x0 /opt/riscv32i/lib/gcc/riscv32-unknown-elf/8.2.0/libgcc.a(_udivdi3.o)
 .comment       0x000000000000caf0       0x12 /opt/riscv32i/lib/gcc/riscv32-unknown-elf/8.2.0/libgcc.a(_udivdi3.o)
 .eh_frame      0x000000000000caf0       0x60 /opt/riscv32i/lib/gcc/riscv32-unknown-elf/8.2.0/libgcc.a(_udivdi3.o)
 .data          0x000000000000cb50        0x0 /opt/riscv32i/lib/gcc/riscv32-unknown-elf/8.2.0/libgcc.a(_umoddi3.o)
 .bss           0x000000000000cb50        0x0 /opt/riscv32i/lib/gcc/riscv32-unknown-elf/8.2.0/libgcc.a(_umoddi3.o)
 .comment       0x000000000000cb50       0x12 /opt/riscv32i/lib/gcc/riscv32-unknown-elf/8.2.0/libgcc.a(_umoddi3.o)
 .eh_frame      0x000000000000cb50       0x64 /opt/riscv32i/lib/gcc/riscv32-unknown-elf/8.2.0/libgcc.a(_umoddi3.o)
 .data          0x000000000000cbb4        0x0 /opt/riscv32i/lib/gcc/riscv32-unknown-elf/8.2.0/libgcc.a(muldi3.o)
 .bss           0x000000000000cbb4        0x0 /opt/riscv32i/lib/gcc/riscv32-unknown-elf/8.2.0/libgcc.a(muldi3.o)
 .data          0x000000000000cbb4        0x0 /opt/riscv32i/lib/gcc/riscv32-unknown-elf/8.2.0/libgcc.a(div.o)
 .bss           0x000000000000cbb4        0x0 /opt/riscv32i/lib/gcc/riscv32-unknown-elf/8.2.0/libgcc.a(div.o)
 .data          0x000000000000cbb4        0x0 /opt/riscv32i/lib/gcc/riscv32-unknown-elf/8.2.0/libgcc.a(_clz.o)
 .bss           0x000000000000cbb4        0x0 /opt/riscv32i/lib/gcc/riscv32-unknown-elf/8.2.0/libgcc.a(_clz.o)
 .rodata        0x000000000000cbb4      0x100 /opt/riscv32i/lib/gcc/riscv32-unknown-elf/8.2.0/libgcc.a(_clz.o)
                0x000000000000cbb4                __clz_tab
 .comment       0x000000000000ccb4       0x12 /opt/riscv32i/lib/gcc/riscv32-unknown-elf/8.2.0/libgcc.a(_clz.o)
                0x000000000000ccc6                end = .
                0x000000000000ccc8                . = ALIGN (0x4)
LOAD firmware/start.o
LOAD firmware/irq.o
LOAD firmware/print.o
LOAD firmware/hello.o
LOAD firmware/sieve.o
LOAD firmware/multest.o
LOAD firmware/stats.o
LOAD tests/addi.o
LOAD tests/add.o
LOAD tests/andi.o
LOAD tests/and.o
LOAD tests/auipc.o
LOAD tests/beq.o
LOAD tests/bge.o
LOAD tests/bgeu.o
LOAD tests/blt.o
LOAD tests/bltu.o
LOAD tests/bne.o
LOAD tests/div.o
LOAD tests/divu.o
LOAD tests/jalr.o
LOAD tests/jal.o
LOAD tests/j.o
LOAD tests/lb.o
LOAD tests/lbu.o
LOAD tests/lh.o
LOAD tests/lhu.o
LOAD tests/lui.o
LOAD tests/lw.o
LOAD tests/mulh.o
LOAD tests/mulhsu.o
LOAD tests/mulhu.o
LOAD tests/mul.o
LOAD tests/ori.o
LOAD tests/or.o
LOAD tests/rem.o
LOAD tests/remu.o
LOAD tests/sb.o
LOAD tests/sh.o
LOAD tests/simple.o
LOAD tests/slli.o
LOAD tests/sll.o
LOAD tests/slti.o
LOAD tests/slt.o
LOAD tests/srai.o
LOAD tests/sra.o
LOAD tests/srli.o
LOAD tests/srl.o
LOAD tests/sub.o
LOAD tests/sw.o
LOAD tests/xori.o
LOAD tests/xor.o
LOAD /opt/riscv32i/lib/gcc/riscv32-unknown-elf/8.2.0/libgcc.a
OUTPUT(firmware/firmware.elf elf32-littleriscv)
